// Jest Snapshot v1, https://jestjs.io/docs/snapshot-testing

exports[`Navbar Component matches snapshot 1`] = `
<DocumentFragment>
  <header
    class="MuiPaper-root MuiPaper-elevation MuiPaper-elevation4 MuiAppBar-root MuiAppBar-colorPrimary MuiAppBar-positionStatic css-ptdwpq-MuiPaper-root-MuiAppBar-root"
    style="--Paper-shadow: 0px 2px 4px -1px rgba(0,0,0,0.2),0px 4px 5px 0px rgba(0,0,0,0.14),0px 1px 10px 0px rgba(0,0,0,0.12);"
  >
    <div
      class="MuiToolbar-root MuiToolbar-gutters MuiToolbar-regular css-yg49xf-MuiToolbar-root"
    >
      <a
        href="/"
        style="text-decoration: none; color: inherit;"
      >
        <h6
          class="MuiTypography-root MuiTypography-h6 css-17653tb-MuiTypography-root"
        >
          FitFlux
        </h6>
      </a>
      <div
        class="MuiStack-root css-pl8gqh-MuiStack-root"
      >
        <a
          class="MuiButtonBase-root MuiButton-root MuiButton-text MuiButton-textInherit MuiButton-sizeMedium MuiButton-textSizeMedium MuiButton-colorInherit MuiButton-root MuiButton-text MuiButton-textInherit MuiButton-sizeMedium MuiButton-textSizeMedium MuiButton-colorInherit css-plnrbk-MuiButtonBase-root-MuiButton-root"
          href="/dashboard"
          tabindex="0"
        >
          Dashboard
        </a>
        <a
          class="MuiButtonBase-root MuiButton-root MuiButton-text MuiButton-textInherit MuiButton-sizeMedium MuiButton-textSizeMedium MuiButton-colorInherit MuiButton-root MuiButton-text MuiButton-textInherit MuiButton-sizeMedium MuiButton-textSizeMedium MuiButton-colorInherit css-plnrbk-MuiButtonBase-root-MuiButton-root"
          href="/meal"
          tabindex="0"
        >
          Meal Optimizer
        </a>
        <a
          class="MuiButtonBase-root MuiButton-root MuiButton-text MuiButton-textInherit MuiButton-sizeMedium MuiButton-textSizeMedium MuiButton-colorInherit MuiButton-root MuiButton-text MuiButton-textInherit MuiButton-sizeMedium MuiButton-textSizeMedium MuiButton-colorInherit css-plnrbk-MuiButtonBase-root-MuiButton-root"
          href="/workout-planner"
          tabindex="0"
        >
          Workout Tracker
        </a>
        <a
          class="MuiButtonBase-root MuiButton-root MuiButton-text MuiButton-textInherit MuiButton-sizeMedium MuiButton-textSizeMedium MuiButton-colorInherit MuiButton-root MuiButton-text MuiButton-textInherit MuiButton-sizeMedium MuiButton-textSizeMedium MuiButton-colorInherit css-plnrbk-MuiButtonBase-root-MuiButton-root"
          href="/about-us"
          tabindex="0"
        >
          About Us
        </a>
        <a
          class="MuiButtonBase-root MuiButton-root MuiButton-text MuiButton-textInherit MuiButton-sizeMedium MuiButton-textSizeMedium MuiButton-colorInherit MuiButton-root MuiButton-text MuiButton-textInherit MuiButton-sizeMedium MuiButton-textSizeMedium MuiButton-colorInherit css-plnrbk-MuiButtonBase-root-MuiButton-root"
          href="/contact"
          tabindex="0"
        >
          Contact
        </a>
        <a
          class="MuiButtonBase-root MuiButton-root MuiButton-text MuiButton-textInherit MuiButton-sizeMedium MuiButton-textSizeMedium MuiButton-colorInherit MuiButton-root MuiButton-text MuiButton-textInherit MuiButton-sizeMedium MuiButton-textSizeMedium MuiButton-colorInherit css-plnrbk-MuiButtonBase-root-MuiButton-root"
          href="/sign-in"
          tabindex="0"
        >
          Sign In
        </a>
        <a
          class="MuiButtonBase-root MuiButton-root MuiButton-outlined MuiButton-outlinedInherit MuiButton-sizeMedium MuiButton-outlinedSizeMedium MuiButton-colorInherit MuiButton-root MuiButton-outlined MuiButton-outlinedInherit MuiButton-sizeMedium MuiButton-outlinedSizeMedium MuiButton-colorInherit css-1hp4f2l-MuiButtonBase-root-MuiButton-root"
          href="/sign-up"
          tabindex="0"
        >
          Sign Up
        </a>
      </div>
    </div>
  </header>
</DocumentFragment>
`;
